WARNING: A restricted method in java.lang.System has been called
WARNING: java.lang.System::load has been called by org.fusesource.jansi.internal.JansiLoader in an unnamed module (file:/C:/maven/lib/jansi-2.4.1.jar)
WARNING: Use --enable-native-access=ALL-UNNAMED to avoid a warning for callers in this module
WARNING: Restricted methods will be blocked in a future release unless native access is enabled

WARNING: A terminally deprecated method in sun.misc.Unsafe has been called
WARNING: sun.misc.Unsafe::objectFieldOffset has been called by com.google.common.util.concurrent.AbstractFuture$UnsafeAtomicHelper (file:/C:/maven/lib/guava-33.2.1-jre.jar)
WARNING: Please consider reporting this to the maintainers of class com.google.common.util.concurrent.AbstractFuture$UnsafeAtomicHelper
WARNING: sun.misc.Unsafe::objectFieldOffset will be removed in a future release
[INFO] Scanning for projects...
[INFO] 
[INFO] ---------------------< com.morphium:morphium-dsl >----------------------
[INFO] Building Morphium DSL 1.0.0-SNAPSHOT
[INFO]   from pom.xml
[INFO] --------------------------------[ jar ]---------------------------------
[INFO] 
[INFO] --- resources:3.3.1:resources (default-resources) @ morphium-dsl ---
[INFO] Copying 6 resources from src\main\resources to target\classes
[INFO] 
[INFO] --- compiler:3.11.0:compile (default-compile) @ morphium-dsl ---
[INFO] Changes detected - recompiling the module! :source
[INFO] Compiling 48 source files with javac [debug target 11] to target\classes
[INFO] -------------------------------------------------------------
[WARNING] COMPILATION WARNING : 
[INFO] -------------------------------------------------------------
[WARNING] location of system modules is not set in conjunction with -source 11
  not setting the location of system modules may lead to class files that cannot run on JDK 11
    --release 11 is recommended instead of -source 11 -target 11 because it sets the location of system modules automatically
[INFO] 1 warning
[INFO] -------------------------------------------------------------
[INFO] -------------------------------------------------------------
[ERROR] COMPILATION ERROR : 
[INFO] -------------------------------------------------------------
[ERROR] /D:/AI_Workspace/Morphium/src/main/java/com/morphium/parser/ast/CallExpr.java:[36,43] cannot find symbol
  symbol:   method getObject()
  location: variable memberExpr of type com.morphium.parser.ast.MemberAccessExpr
[ERROR] /D:/AI_Workspace/Morphium/src/main/java/com/morphium/parser/ast/CallExpr.java:[37,45] cannot find symbol
  symbol:   method getProperty()
  location: variable memberExpr of type com.morphium.parser.ast.MemberAccessExpr
[ERROR] /D:/AI_Workspace/Morphium/src/main/java/com/morphium/playground/PlaygroundServer.java:[30,35] cannot find symbol
  symbol:   method setBasePath(java.nio.file.Path)
  location: class com.morphium.runtime.ModuleResolver
[INFO] 3 errors 
[INFO] -------------------------------------------------------------
[INFO] ------------------------------------------------------------------------
[INFO] BUILD FAILURE
[INFO] ------------------------------------------------------------------------
[INFO] Total time:  1.951 s
[INFO] Finished at: 2025-11-13T08:11:22+05:30
[INFO] ------------------------------------------------------------------------
[ERROR] Failed to execute goal org.apache.maven.plugins:maven-compiler-plugin:3.11.0:compile (default-compile) on project morphium-dsl: Compilation failure: Compilation failure: 
[ERROR] /D:/AI_Workspace/Morphium/src/main/java/com/morphium/parser/ast/CallExpr.java:[36,43] cannot find symbol
[ERROR]   symbol:   method getObject()
[ERROR]   location: variable memberExpr of type com.morphium.parser.ast.MemberAccessExpr
[ERROR] /D:/AI_Workspace/Morphium/src/main/java/com/morphium/parser/ast/CallExpr.java:[37,45] cannot find symbol
[ERROR]   symbol:   method getProperty()
[ERROR]   location: variable memberExpr of type com.morphium.parser.ast.MemberAccessExpr
[ERROR] /D:/AI_Workspace/Morphium/src/main/java/com/morphium/playground/PlaygroundServer.java:[30,35] cannot find symbol
[ERROR]   symbol:   method setBasePath(java.nio.file.Path)
[ERROR]   location: class com.morphium.runtime.ModuleResolver
[ERROR] -> [Help 1]
[ERROR] 
[ERROR] To see the full stack trace of the errors, re-run Maven with the -e switch.
[ERROR] Re-run Maven using the -X switch to enable full debug logging.
[ERROR] 
[ERROR] For more information about the errors and possible solutions, please read the following articles:
[ERROR] [Help 1] http://cwiki.apache.org/confluence/display/MAVEN/MojoFailureException
